[
    {
        "Pregunta":  "Â¿CuÃ¡l es el nombre en clave del protocolo de emergencia para una fluctuaciÃ³n de temperatura del Cryo-Gel?",
        "VistaPrevia":  "data: {\"streamed_output\":\"El nombre en clave del protocolo de emergencia para una fluctuación de temperatura del Cryo-Gel es \\\"Marea Sepia\\\" según el texto proporcionado en el documento. Si necesitas más información al respecto, no dudes en preguntar.\",\"ops\":null}\n\nevent: end\ndata: {}\n\n"
    },
    {
        "Pregunta":  "Â¿A quÃ© temperatura exacta debe mantenerse el K-Spore?",
        "VistaPrevia":  "data: {\"streamed_output\":\"El K-Spore debe mantenerse a una temperatura específica de al menos 0.2°C para evitar una fluctuación que pueda activar el Protocolo \\\"Sepia-Tide\\\".\",\"ops\":null}\n\nevent: end\ndata: {}\n\n"
    },
    {
        "Pregunta":  "Â¿De quÃ© color es el K-Spore?",
        "VistaPrevia":  "data: {\"streamed_output\":\"El K-Spore es de color verde esmeralda con vetas plateadas. ¡Espero que esta información te haya sido útil! ¿Hay algo más en lo que pueda ayudarte?\",\"ops\":null}\n\nevent: end\ndata: {}\n\n"
    },
    {
        "Pregunta":  "Â¿QuiÃ©n es la CEO de Aethelburg Dynamics y cÃ³mo se llama su mascota?",
        "VistaPrevia":  "data: {\"streamed_output\":\"La CEO de Aethelburg Dynamics se llama Lena Hasek. Su mascota es un cuervo robótico llamado \\\"Corvus\\\".\",\"ops\":null}\n\nevent: end\ndata: {}\n\n"
    },
    {
        "Pregunta":  "Â¿QuÃ© causÃ³ el incidente en la InstalaciÃ³n B-7 y quÃ© tÃ©cnicos estuvieron involucrados?",
        "VistaPrevia":  "data: {\"streamed_output\":\"El incidente en la Instalación B-7 fue causado por una fluctuación de temperatura que provocó una \\\"Cascada Resonante\\\", borrando 40 TB de datos de investigación y causando lesiones neurológicas (pérdida de memoria a corto plazo) a tres técnicos: J.P. Morgan, S. Liu y R. Benitez.\",\"ops\":null}\n\nevent: end\ndata: {}\n\n"
    },
    {
        "Pregunta":  "Â¿CuÃ¡l es la diferencia principal entre el Fribourg Hub y la Base Valdivia?",
        "VistaPrevia":  "data: {\"streamed_output\":\"La diferencia principal entre el Fribourg Hub y la Base Valdivia radica en su función y ubicación. El Fribourg Hub es el centro principal de procesamiento de datos físicos que alberga el Cryo-Gel y las K-Spores maestras, ubicado en Suiza, mientras que la Base Valdivia es una ubicación secundaria de contingencia en Chile. Cada uno cumple un papel específico en la operación y seguridad de la red. ¿Hay algo más en lo que pueda ayudarte?\",\"ops\":null}\n\nevent: end\ndata: {}\n\n"
    },
    {
        "Pregunta":  "Â¿QuÃ© relaciÃ³n hay entre el Dr. Kovalev y la K-Spore?",
        "VistaPrevia":  "data: {\"streamed_output\":\"La relación entre el Dr. Kovalev y la K-Spore es que él es el responsable de la creación y estabilización de esta cepa de hongo sintético, conocida como \\\"K-Spore\\\" o \\\"Kovalev-Spore\\\". Esta innovación es utilizada en la Red de Microondas Neuronales (MWN) para transmitir datos a velocidades subcuánticas, superando las limitaciones de la fibra óptica tradicional. La K-Spore es un componente central de esta tecnología desarrollada por el Dr. Kovalev.\",\"ops\":null}\n\nevent: end\ndata: {}\n\n"
    }
]
